// Vitest Snapshot v1, https://vitest.dev/guide/snapshot.html

exports[`skillPill > snapshot 1`] = `
<div>
  <div
    data-testid="antd-tag"
    style="background-color: rgb(245, 245, 245); color: rgb(51, 51, 51); font-weight: 500; font-size: 13px; padding: 4px 10px; border-radius: 9999px; margin-bottom: 8px;"
  >
    React
  </div>
</div>
`;
